// Jest Snapshot v1, https://goo.gl/fbAQLP

exports[`<Tile /> renders successfullly 1`] = `
.c0 {
  color: grey;
}

<div
  className="c0"
>
  Tile
</div>
`;
